_COMMON_NAME_	_SCIENTIFIC_NAME_NOT_USED_	_TAXON_GROUP_	_ABBREV_	_GENBANK_ACCESSION_	_REFSEQ_FTP_URL_	_REFSEQ_ANN_REPORT_URL_	_REFSEQ_ANN_NAME_	_ASSEMBLY_PROVIDER_NAME_	_ASSEMBLY_PROVIDER_URL_
South American locust	Schistocerca cancellata	Orthoptera	scan	GCA_023864275.2	https://ftp.ncbi.nlm.nih.gov/genomes/all/GCF/023/864/275/GCF_023864275.1_iqSchCanc2.1	https://www.ncbi.nlm.nih.gov/genome/annotation_euk/Schistocerca_cancellata/100	NCBI Schistocerca cancellata Annotation Release 100	Behavioral Plasticity Research Institute (BPRI), Texas A&M University	https://behavioralplasticity.org/
Grasshoppers	Schistocerca gregaria	Orthoptera	sgre	GCA_023897955.2	https://ftp.ncbi.nlm.nih.gov/genomes/all/GCF/023/897/955/GCF_023897955.1_iqSchGreg1.2	https://www.ncbi.nlm.nih.gov/genome/annotation_euk/Schistocerca_gregaria/100	NCBI Schistocerca gregaria Annotation Release 100	Agricultural Research Service, United States Department of Agriculture	https://www.ars.usda.gov/
Vagrant locust	Schistocerca nitens	Orthoptera	snit	GCA_023898315.2	https://ftp.ncbi.nlm.nih.gov/genomes/all/GCF/023/898/315/GCF_023898315.1_iqSchNite1.1	https://www.ncbi.nlm.nih.gov/genome/annotation_euk/Schistocerca_nitens/100	NCBI Schistocerca nitens Annotation Release 100	Behavioral Plasticity Research Institute (BPRI), Texas A&M University	https://behavioralplasticity.org/
Central American locust	Schistocerca piceifrons	Orthoptera	spic	GCA_021461385.2	https://ftp.ncbi.nlm.nih.gov/genomes/all/GCF/021/461/385/GCF_021461385.2_iqSchPice1.1	https://www.ncbi.nlm.nih.gov/genome/annotation_euk/Schistocerca_piceifrons/100/	NCBI Schistocerca piceifrons Annotation Release 100	Behavioral Plasticity Research Institute (BPRI)	https://behavioralplasticity.org/
Grasshoppers	Schistocerca serialis cubense	Orthoptera	sser	GCA_023864345.3	https://ftp.ncbi.nlm.nih.gov/genomes/all/GCF/023/864/345/GCF_023864345.2_iqSchSeri2.2	https://www.ncbi.nlm.nih.gov/genome/annotation_euk/Schistocerca_serialis_cubense/100	NCBI Schistocerca serialis cubense Annotation Release 100	Behavioral Plasticity Research Institute (BPRI)	https://behavioralplasticity.org/
