taxon_id	scientific_name	_COMMON_NAME_	_ABBREV_	_GENOME_ACCESSION_	_GENOME_FTP_URL_	_REFSEQ_ANN_REPORT_URL_	_REFSEQ_ANN_NAME_	_ASSEMBLY_PROVIDER_NAME_	_ANNOTATION_PROVIDER_NAME_	_ANNOTATION_SOURCE_	_ANNOTATION_SOURCE_SFX_	_LOAD_GFF3_ANALYSIS_NAME_	_ANNOTATION_GFF3_	_ANNOTATION_PEP_
30195	Bombus terrestris	Buff-tailed bumblebee	bterre	GCF_910591885.1	https://ftp.ncbi.nlm.nih.gov/genomes/all/GCF/910/591/885/GCF_910591885.1_iyBomTerr1.2	https://www.ncbi.nlm.nih.gov/genome/annotation_euk/Bombus_terrestris/103	NCBI Bombus terrestris Annotation Release 103	WELLCOME SANGER INSTITUTE	NCBI RefSeq	refseq	rs	refseq_import_visible		
7107	Spodoptera exigua	Beet armyworm	sexigu	GCA_902829305.4	https://ftp.ncbi.nlm.nih.gov/genomes/all/GCA/902/829/305/GCA_902829305.4_PGI_SPEXI_v6	https://www.ncbi.nlm.nih.gov/datasets/genome/GCA_902829305.4/		ROTHAMSTED RESEARCH	ROTHAMSTED RESEARCH	genbank	gb	gff3_genes		
37344	Athalia rosae	Coleseed sawfly	arosae	GCF_917208135.1	https://ftp.ncbi.nlm.nih.gov/genomes/all/GCF/917/208/135/GCF_917208135.1_iyAthRosa1.1	https://www.ncbi.nlm.nih.gov/genome/annotation_euk/Athalia_rosae/103	NCBI Athalia rosae Annotation Release 103	WELLCOME SANGER INSTITUTE	NCBI RefSeq	refseq	rs	refseq_import_visible		
110368	Bicyclus anynana	Squinting bush brown	banyna	GCF_947172395.1	https://ftp.ncbi.nlm.nih.gov/genomes/all/GCF/947/172/395/GCF_947172395.1_ilBicAnyn1.1	https://www.ncbi.nlm.nih.gov/genome/annotation_euk/Bicyclus_anynana/GCF_947172395.1-RS_2022_12	GCF_947172395.1-RS_2022_12	WELLCOME SANGER INSTITUTE	NCBI RefSeq	refseq	rs	refseq_import_visible		
7137	Galleria mellonella	Greater wax moth	gmello	GCF_026898425.1	https://ftp.ncbi.nlm.nih.gov/genomes/all/GCF/026/898/425/GCF_026898425.1_CSIRO_AGI_GalMel_v1	https://www.ncbi.nlm.nih.gov/genome/annotation_euk/Galleria_mellonella/GCF_026898425.1-RS_2022_12	GCF_026898425.1-RS_2022_12	Rahul Vivek Rane	NCBI RefSeq	refseq	rs	refseq_import_visible		
113334	Melitaea cinxia	Glanville fritillary	mcinxi	GCF_905220565.1	https://ftp.ncbi.nlm.nih.gov/genomes/all/GCF/905/220/565/GCF_905220565.1_ilMelCinx1.1	https://www.ncbi.nlm.nih.gov/genome/annotation_euk/Melitaea_cinxia/100	NCBI Melitaea cinxia Annotation Release 100	WELLCOME SANGER INSTITUTE	NCBI RefSeq	refseq	rs	refseq_import_visible		
