_COMMON_NAME_	_SCIENTIFIC_NAME_NOT_USED_	_TAXON_GROUP_	_ABBREV_	_GENBANK_ACCESSION_	_REFSEQ_FTP_URL_	_REFSEQ_ANN_REPORT_URL_	_REFSEQ_ANN_NAME_	_ASSEMBLY_PROVIDER_NAME_	_ASSEMBLY_PROVIDER_URL_
Western flower thrips	Frankliniella occidentalis	Hemiptera	focc	GCA_000697945.4	https://ftp.ncbi.nlm.nih.gov/genomes/all/GCA/000/697/945/GCA_000697945.4_Focc_3.0	https://www.ncbi.nlm.nih.gov/assembly/GCA_000697945.4/	The i5k Initiative - Frankliniella occidentalis	The i5k Initiative, Baylor College of Medicine	https://www.hgsc.bcm.edu/arthropods/i5k
Fall armyworm	Spodoptera frugiperda	Lepidoptera	sfru	GCA_011064685.2	https://ftp.ncbi.nlm.nih.gov/genomes/all/GCF/011/064/685/GCF_011064685.2_ZJU_Sfru_1.1	https://www.ncbi.nlm.nih.gov/assembly/GCF_011064685.2/	GCF_011064685.2	Zhejiang University	https://www.zju.edu.cn/english/
Minute pirate bug	Orius laevigatus	Hemiptera	olae	GCA_018703685.1	https://ftp.ncbi.nlm.nih.gov/genomes/all/GCA/018/703/685/GCA_018703685.1_ASM1870368v1	https://www.pestgenomics.org/species/orius-laevigatus/	Pest Genomics Initiative - Orius laevigatus	Rothamsted Research	https://www.rothamsted.ac.uk/
Squinting bush brown	Bicyclus anynana	Lepidoptera	bany	GCA_900239965.1	https://ftp.ncbi.nlm.nih.gov/genomes/all/GCF/900/239/965/GCF_900239965.1_Bicyclus_anynana_v1.2	https://www.ncbi.nlm.nih.gov/genome/annotation_euk/Bicyclus_anynana/100/	NCBI Bicyclus anynana Annotation Release 100	Nematode and Neglected Genomics, IEB, University of Edinburgh	http://genomics.ed.ac.uk/
European Hover fly	Sphaerophoria rueppellii	Diptera	srue	GCA_920937365.1	https://ftp.ncbi.nlm.nih.gov/genomes/all/GCA/920/937/365/GCA_920937365.1_SPRU_Genome	https://www.pestgenomics.org/species/sphaerophoria-rueppellii/	Pest Genomics Initiative - Sphaerophoria rueppellii	Rothamsted Research	https://www.rothamsted.ac.uk/
Rapeseed Pollen Beetle	Meligethes aeneus	Coleoptera	maen	GCA_921294245.1	https://ftp.ncbi.nlm.nih.gov/genomes/all/GCA/921/294/245/GCA_921294245.1_PGI_MELIAE_v1	https://www.pestgenomics.org/species/meligethes-aeneus/	Pest Genomics Initiative - Meligethes aeneus	Rothamsted Research	https://www.rothamsted.ac.uk/
Parasitoid wasp	Microctonus brassicae	Hymenoptera	mbra	GCA_940306215.1	https://ftp.ncbi.nlm.nih.gov/genomes/all/GCA/940/306/215/GCA_940306215.1_PGI_MICBR_vchrom	https://www.pestgenomics.org/species/psylliodes-chrysocephala/	Pest Genomics Initiative - Microctonus brassicae	Rothamsted Research	https://www.rothamsted.ac.uk/
