_COMMON_NAME_	_SCIENTIFIC_NAME_NOT_USED_	_TAXON_GROUP_	_ABBREV_	_GENBANK_ACCESSION_	_REFSEQ_FTP_URL_	_REFSEQ_ANN_REPORT_URL_	_REFSEQ_ANN_NAME_	_ASSEMBLY_PROVIDER_NAME_	_ASSEMBLY_PROVIDER_URL_
African cotton leafworm	Spodoptera littoralis	Lepidoptera	slit	GCA_902850265.1	https://ftp.ncbi.nlm.nih.gov/genomes/all/GCA/902/850/265/GCA_902850265.1_PGI_Spodlit_v1	https://www.pestgenomics.org/species/spodoptera-littoralis/	Pest Genomics Initiative - Spodoptera littoralis	Rothamsted Research	https://www.rothamsted.ac.uk/
Cabbage stem flea beetle	Psylliodes chrysocephala	Coleoptera	pchr	GCA_927349885.1	https://ftp.ncbi.nlm.nih.gov/genomes/all/GCA/927/349/885/GCA_927349885.1_PGI_PSYICH_v2	https://www.pestgenomics.org/species/psylliodes-chrysocephala/	Pest Genomics Initiative - Psylliodes chrysocephala	Rothamsted Research	https://www.rothamsted.ac.uk/
Southern green stink bug	Nezara viridula	Hemiptera	nvir	GCA_928085145.1	https://ftp.ncbi.nlm.nih.gov/genomes/all/GCA/928/085/145/GCA_928085145.1_PGI_NEZAVIv3	https://www.pestgenomics.org/species/nezara-viridula/	Pest Genomics Initiative - Nezara viridula	Rothamsted Research	https://www.rothamsted.ac.uk/
