_COMMON_NAME_	_SCIENTIFIC_NAME_NOT_USED_	_TAXON_GROUP_	_ABBREV_	_GENBANK_ACCESSION_	_REFSEQ_FTP_URL_	_REFSEQ_ANN_REPORT_URL_	_REFSEQ_ANN_NAME_	_ASSEMBLY_PROVIDER_NAME_	_ASSEMBLY_PROVIDER_URL_
Soybean looper	Chrysodeixis includens	Lepidoptera	cinc	GCA_903961255.1	https://ftp.ncbi.nlm.nih.gov/genomes/all/GCA/903/961/255/GCA_903961255.1_PGI_CINC_v6	https://www.pestgenomics.org/species/chrysodeixis-includens/	Pest Genomics Initiative - Chrysodeixis includens	Rothamsted Research	https://www.rothamsted.ac.uk/
Seedpod weevil	Ceutorhynchus assimilis	Coleoptera	cass	GCA_917834065.1	https://ftp.ncbi.nlm.nih.gov/genomes/all/GCA/917/834/065/GCA_917834065.1_PGI_CEUTPL_v4	https://www.pestgenomics.org/species/ceutorhynchus-assimilis/	Pest Genomics Initiative - Ceutorhynchus assimilis	Rothamsted Research	https://www.rothamsted.ac.uk/
Cucumber beetle	Diabrotica balteata	Coleoptera	dbal	GCA_918026665.1	https://ftp.ncbi.nlm.nih.gov/genomes/all/GCA/918/026/665/GCA_918026665.1_PGI_DIABBA_v3	https://www.pestgenomics.org/species/diabrotica-balteata/	Pest Genomics Initiative - Diabrotica balteata	Rothamsted Research	https://www.rothamsted.ac.uk/
Striped flea beetle	Phyllotreta striolata	Coleoptera	pstr	GCA_918026865.1	https://ftp.ncbi.nlm.nih.gov/genomes/all/GCA/918/026/865/GCA_918026865.1_PGI_PHYEVI_v3	https://www.pestgenomics.org/species/phyllotreta-striolata/	Pest Genomics Initiative - Phyllotreta striolata	Rothamsted Research	https://www.rothamsted.ac.uk/
