_COMMON_NAME_	_SCIENTIFIC_NAME_NOT_USED_	_TAXON_GROUP_	_ABBREV_	_GENBANK_ACCESSION_	_REFSEQ_FTP_URL_	_REFSEQ_ANN_REPORT_URL_	_REFSEQ_ANN_NAME_	_ASSEMBLY_PROVIDER_NAME_	_ASSEMBLY_PROVIDER_URL_
Mustard beetle	Phaedon cochleariae	Coleoptera	pcoc	GCA_918026855.1	https://ftp.ncbi.nlm.nih.gov/genomes/all/GCA/918/026/855/GCA_918026855.1_PGI_PHAECO_v1	https://www.pestgenomics.org/species/phaedon-cochleariae/	Pest Genomics Initiative - Phaedon cochleariae	Rothamsted Research	https://www.rothamsted.ac.uk/
Harlequin fly	Chironomus riparius	Diptera	crip	GCA_917627325.1	https://ftp.ncbi.nlm.nih.gov/genomes/all/GCA/917/627/325/GCA_917627325.1_PGI_CHIRRI_v1	https://www.pestgenomics.org/species/chironomus-riparius/	Pest Genomics Initiative - Chironomus riparius	Rothamsted Research	https://www.rothamsted.ac.uk/
Cotton aphid	Aphis gossypii	Hemiptera	agos	GCA_917880025.1	https://ftp.ncbi.nlm.nih.gov/genomes/all/GCA/917/880/025/GCA_917880025.1_PGI_APHIGO_v1	https://www.pestgenomics.org/species/aphis-gossypii/	Pest Genomics Initiative - Aphis gossypii	Rothamsted Research	https://www.rothamsted.ac.uk/
Sugar cane borer	Diatraea saccharalis	Lepidoptera	dsac	GCA_918026875.1	https://ftp.ncbi.nlm.nih.gov/genomes/all/GCA/918/026/875/GCA_918026875.1_PGI_DIATSA_v1	https://www.pestgenomics.org/species/diatraea-saccharalis/	Pest Genomics Initiative - Diatraea saccharalis	Rothamsted Research	https://www.rothamsted.ac.uk/
Beet army worm	Spodoptera exigua	Lepidoptera	sexi	GCA_902829305.1	https://ftp.ncbi.nlm.nih.gov/genomes/all/GCA/902/829/305/GCA_902829305.1_SPEXIv1	https://www.pestgenomics.org/species/spodoptera-exigua/	Pest Genomics Initiative - Spodoptera exigua	Rothamsted Research	https://www.rothamsted.ac.uk/

