taxon_id	scientific_name	_COMMON_NAME_	_ABBREV_	_GENOME_ACCESSION_	_GENOME_FTP_URL_	_REFSEQ_ANN_REPORT_URL_	_REFSEQ_ANN_NAME_	_ASSEMBLY_PROVIDER_NAME_	_ANNOTATION_PROVIDER_NAME_	_ANNOTATION_SOURCE_	_ANNOTATION_SOURCE_SFX_	_LOAD_GFF3_ANALYSIS_NAME_	_ANNOTATION_GFF3_	_ANNOTATION_PEP_
166423	Melipona quadrifasciata		mquadr	GCA_001276565.1	https://ftp.ncbi.nlm.nih.gov/genomes/all/GCA/001/276/565/GCA_001276565.1_ASM127656v1	https://www.ncbi.nlm.nih.gov/datasets/genome/GCA_001276565.1		BGI	BGI	GenBank	gb	gff3_genes					
110193	Nicrophorus vespilloides		nvespi	GCF_001412225.1	https://ftp.ncbi.nlm.nih.gov/genomes/all/GCF/001/412/225/GCF_001412225.1_Nicve_v1.0	https://www.ncbi.nlm.nih.gov/genome/annotation_euk/Nicrophorus_vespilloides/100	NCBI Nicrophorus vespilloides Annotation Release 100	University of Georgia	NCBI RefSeq	RefSeq	rs	refseq_import_visible		
742174	Melanaphis sacchari	Sugarcane aphid	msacch	GCA_038630835.1	https://ftp.ncbi.nlm.nih.gov/genomes/all/GCA/038/630/835/GCA_038630835.1_Msac_v1	https://zenodo.org/records/13283872		Chinese Academy of Sciences	Chinese Academy of Sciences	Community	cm	gff3_genes	https://zenodo.org/records/13283872/files/Melanaphis_sacchari.masked.out.gff	https://zenodo.org/records/13283872/files/Melanaphis_sacchari.pep.fasta
211228	Cephus cinctus	Wheat stem sawfly	ccinct	GCF_000341935.2	https://ftp.ncbi.nlm.nih.gov/genomes/all/GCF/000/341/935/GCF_000341935.2_Ccin1v2	https://www.ncbi.nlm.nih.gov/datasets/genome/GCF_000341935.2	NCBI Cephus cinctus Annotation Release 101	University of Illinois at Urbana-Champaign	NCBI RefSeq	RefSeq	rs	refseq_import_visible			
454923	Diachasma alloeum		dalloe	GCF_001412515.2	https://ftp.ncbi.nlm.nih.gov/genomes/all/GCF/001/412/515/GCF_001412515.2_Dall2.0	https://www.ncbi.nlm.nih.gov/genome/annotation_euk/Diachasma_alloeum/101	NCBI Diachasma alloeum Annotation Release 101	University of Illinois at Urbana-Champaign	NCBI RefSeq	RefSeq	rs	refseq_import_visible		
58733	Diachasmimorpha longicaudata		dlongi	GCF_034640455.1	https://ftp.ncbi.nlm.nih.gov/genomes/all/GCF/034/640/455/GCF_034640455.1_iyDiaLong2	https://www.ncbi.nlm.nih.gov/refseq/annotation_euk/Diachasmimorpha_longicaudata/GCF_034640455.1-RS_2024_03	GCF_034640455.1-RS_2024_03	United States Department of Agriculture	NCBI RefSeq	RefSeq	rs	refseq_import_visible		
362088	Diprion similis		dsimil	GCF_021155765.1	https://ftp.ncbi.nlm.nih.gov/genomes/all/GCF/021/155/765/GCF_021155765.1_iyDipSimi1.1	https://www.ncbi.nlm.nih.gov/genome/annotation_euk/Diprion_similis/100	NCBI Diprion similis Annotation Release 100	United States Department of Agriculture	NCBI RefSeq	RefSeq	rs	refseq_import_visible		
64838	Fopius arisanus		farisa	GCF_000806365.1	https://ftp.ncbi.nlm.nih.gov/genomes/all/GCF/000/806/365/GCF_000806365.1_ASM80636v1	https://www.ncbi.nlm.nih.gov/genome/annotation_euk/Fopius_arisanus/GCF_000806365.1-RS_2024_07.html	GCF_000806365.1-RS_2024_07	USDA ARS	NCBI RefSeq	RefSeq	rs	refseq_import_visible			
2872261	Neodiprion fabricii		nfabri	GCF_021155785.1	https://ftp.ncbi.nlm.nih.gov/genomes/all/GCF/021/155/785/GCF_021155785.1_iyNeoFabr1.1	https://www.ncbi.nlm.nih.gov/genome/annotation_euk/Neodiprion_fabricii/100	NCBI Neodiprion fabricii Annotation Release 100	United States Department of Agriculture	NCBI RefSeq	RefSeq	rs	refseq_import_visible		
613905	Nylanderia fulva		nfulva	GCF_005281655.2	https://ftp.ncbi.nlm.nih.gov/genomes/all/GCF/005/281/655/GCF_005281655.2_TAMU_Nfulva_1.1	https://www.ncbi.nlm.nih.gov/datasets/genome/GCF_005281655.2	NCBI Nylanderia fulva Annotation Release 100	Global Ant Genomics Alliance	NCBI RefSeq	RefSeq	rs	refseq_import_visible				
486640	Odontomachus brunneus		obrunn	GCF_010583005.1	https://ftp.ncbi.nlm.nih.gov/genomes/all/GCF/010/583/005/GCF_010583005.1_Obru_v1	https://www.ncbi.nlm.nih.gov/genome/annotation_euk/Odontomachus_brunneus/100	NCBI Odontomachus brunneus Annotation Release 100	University of Illinois at Urbana-Champaign	NCBI RefSeq	RefSeq	rs	refseq_import_visible		
473952	Osmia lignaria	Orchard mason bee	oligna	GCF_012274295.1	https://ftp.ncbi.nlm.nih.gov/genomes/all/GCF/012/274/295/GCF_012274295.1_USDA_OLig_1.0	https://www.ncbi.nlm.nih.gov/genome/annotation_euk/Osmia_lignaria/100	NCBI Osmia lignaria Annotation Release 100	United States Department of Agriculture, Agricultural Research Service	NCBI RefSeq	RefSeq	rs	refseq_import_visible		
123851	Ladona fulva	Scarce chaser	lfulva	GCA_000376725.2	https://ftp.ncbi.nlm.nih.gov/genomes/all/GCA/000/376/725/GCA_000376725.2_Lful_2.0	https://www.ncbi.nlm.nih.gov/datasets/genome/GCA_000376725.2		BCM-HGSC	BCM-HGSC	GenBank	gb	gff3_genes	      
