taxon_id	scientific_name	_COMMON_NAME_	_ABBREV_	_GENOME_ACCESSION_	_GENOME_FTP_URL_	_REFSEQ_ANN_REPORT_URL_	_REFSEQ_ANN_NAME_	_ASSEMBLY_PROVIDER_NAME_	_ANNOTATION_PROVIDER_NAME_	_ANNOTATION_SOURCE_	_ANNOTATION_SOURCE_SFX_	_LOAD_GFF3_ANALYSIS_NAME_	_ANNOTATION_GFF3_	_ANNOTATION_PEP_
60249	Dermacentor albipictus		dalbip	GCF_038994185.2	https://ftp.ncbi.nlm.nih.gov/genomes/all/GCF/038/994/185/GCF_038994185.2_USDA_Dalb.pri_finalv2	https://www.ncbi.nlm.nih.gov/genome/annotation_euk/Dermacentor_albipictus/GCF_038994185.2-RS_2024_12.html	GCF_038994185.2-RS_2024_12	USDA-Agricultural Research Service, USA	NCBI RefSeq	refseq	rs	refseq_import_visible		
34621	Dermacentor variabilis	American dog tick	dvaria	GCF_050947875.1	https://ftp.ncbi.nlm.nih.gov/genomes/all/GCF/050/947/875/GCF_050947875.1_ASM5094787v1	https://www.ncbi.nlm.nih.gov/genome/annotation_euk/Dermacentor_variabilis/GCF_050947875.1-RS_2025_07.html	GCF_050947875.1-RS_2025_07	USDA-Agricultural Research Service, USA	NCBI RefSeq	refseq	rs	refseq_import_visible		
6954	Dermatophagoides farinae	American house dust mite	dfarin	GCF_024713945.1	https://ftp.ncbi.nlm.nih.gov/genomes/all/GCF/024/713/945/GCF_024713945.1_ASM2471394v1	https://www.ncbi.nlm.nih.gov/genome/annotation_euk/Dermatophagoides_farinae/GCF_024713945.1-RS_2025_07.html	GCF_024713945.1-RS_2025_07	Wuxi People's Hospital Affiliated to Nanjing Medical University	NCBI RefSeq	refseq	rs	refseq_import_visible		
439358	Megalurothrips usitatus	Bean blossom thrips	musita	GCA_026979955.1	https://ftp.ncbi.nlm.nih.gov/genomes/all/GCA/026/979/955/GCA_026979955.1_Mus_1.0	https://www.ncbi.nlm.nih.gov/datasets/genome/GCA_026979955.1		China Agriculture University	China Agriculture University	genbank	gb	gff3_genes		
316456	Anabrus simplex	Mormon cricket	asimpl	GCF_040414725.1	https://ftp.ncbi.nlm.nih.gov/genomes/all/GCF/040/414/725/GCF_040414725.1_ASM4041472v1	https://www.ncbi.nlm.nih.gov/genome/annotation_euk/Anabrus_simplex/GCF_040414725.1-RS_2024_09.html	GCF_040414725.1-RS_2024_09	United States Department of Agriculture	NCBI RefSeq	refseq	rs	refseq_import_visible		
