taxon_id	scientific_name	_COMMON_NAME_	_ABBREV_	_GENOME_ACCESSION_	_GENOME_FTP_URL_	_REFSEQ_ANN_REPORT_URL_	_REFSEQ_ANN_NAME_	_ASSEMBLY_PROVIDER_NAME_	_ANNOTATION_PROVIDER_NAME_	_ANNOTATION_SOURCE_	_ANNOTATION_SOURCE_SFX_	_LOAD_GFF3_ANALYSIS_NAME_	_ANNOTATION_GFF3_	_ANNOTATION_PEP_
337810	Oratosquilla oratoria		oorato	GCF_046742065.1	https://ftp.ncbi.nlm.nih.gov/genomes/all/GCF/046/742/065/GCF_046742065.1_ASM4674206v1	https://www.ncbi.nlm.nih.gov/genome/annotation_euk/Oratosquilla_oratoria/GCF_046742065.1-RS_2025_08.html	GCF_046742065.1-RS_2025_08	Yancheng teachers university	NCBI RefSeq	refseq	rs	refseq_import_visible		
392227	Palaemon carinicauda		pcarin	GCF_036898095.1	https://ftp.ncbi.nlm.nih.gov/genomes/all/GCF/036/898/095/GCF_036898095.1_ASM3689809v2	https://www.ncbi.nlm.nih.gov/genome/annotation_euk/Palaemon_carinicauda/GCF_036898095.1-RS_2024_09.html	GCF_036898095.1-RS_2024_09	muscle	NCBI RefSeq	refseq	rs	refseq_import_visible		
150431	Panulirus ornatus		pornat	GCF_036320965.1	https://ftp.ncbi.nlm.nih.gov/genomes/all/GCF/036/320/965/GCF_036320965.1_ASM3632096v1	https://www.ncbi.nlm.nih.gov/genome/annotation_euk/Panulirus_ornatus/GCF_036320965.1-RS_2025_02.html	GCF_036320965.1-RS_2025_02	yellow sea fisheries research institute	NCBI RefSeq	refseq	rs	refseq_import_visible		
85552	Scylla paramamosain	Green mud crab	sparam	GCF_035594125.1	https://ftp.ncbi.nlm.nih.gov/genomes/all/GCF/035/594/125/GCF_035594125.1_ASM3559412v1	https://www.ncbi.nlm.nih.gov/genome/annotation_euk/Scylla_paramamosain/GCF_035594125.1-RS_2024_03.html	GCF_035594125.1-RS_2024_03	college of science	NCBI RefSeq	refseq	rs	refseq_import_visible		
6853	Tachypleus tridentatus	Chinese horseshoe crab	ttride	GCF_004210375.1	https://ftp.ncbi.nlm.nih.gov/genomes/all/GCF/004/210/375/GCF_004210375.1_ASM421037v1	https://www.ncbi.nlm.nih.gov/genome/annotation_euk/Tachypleus_tridentatus/GCF_004210375.1-RS_2025_08.html	GCF_004210375.1-RS_2025_08	Center for Ecological and Environmental Sciences	NCBI RefSeq	refseq	rs	refseq_import_visible		
246614	Brevipalpus obovatus		bobova	GCF_050580445.1	https://ftp.ncbi.nlm.nih.gov/genomes/all/GCF/050/580/445/GCF_050580445.1_ASM5058044v1	https://www.ncbi.nlm.nih.gov/genome/annotation_euk/Brevipalpus_obovatus/GCF_050580445.1-RS_2025_06.html	GCF_050580445.1-RS_2025_06	Guizhou University	NCBI RefSeq	refseq	rs	refseq_import_visible		
