taxon_id	scientific_name	_COMMON_NAME_	_ABBREV_	_GENOME_ACCESSION_	_GENOME_FTP_URL_	_REFSEQ_ANN_REPORT_URL_	_REFSEQ_ANN_NAME_	_ASSEMBLY_PROVIDER_NAME_	_ANNOTATION_PROVIDER_NAME_	_ANNOTATION_SOURCE_	_ANNOTATION_SOURCE_SFX_	_LOAD_GFF3_ANALYSIS_NAME_	_ANNOTATION_GFF3_	_ANNOTATION_PEP_
4785	Phytophthora cinnamomi		pcinna	GCA_018691715.1	https://ftp.ncbi.nlm.nih.gov/genomes/all/GCA/018/691/715/GCA_018691715.1_ASM1869171v1	http://fungidb.org/common/downloads/Current_Release/PcinnamomiGKB4		University of Pretoria	FungiDB	community	cm	gff3_genes	http://fungidb.org/common/downloads/Current_Release/PcinnamomiGKB4/gff/data/FungiDB-68_PcinnamomiGKB4.gff	http://fungidb.org/common/downloads/Current_Release/PcinnamomiGKB4/fasta/data/FungiDB-68_PcinnamomiGKB4_AnnotatedProteins.fasta
164328	Phytophthora ramorum	Sudden oak death agent	pramor	GCA_020800235.1	https://ftp.ncbi.nlm.nih.gov/genomes/all/GCA/020/800/235/GCA_020800235.1_ASM2080023v1	http://fungidb.org/common/downloads/Current_Release/Pramorum14567		USDA ARS	FungiDB	community	cm	gff3_genes	http://fungidb.org/common/downloads/Current_Release/Pramorum14567/gff/data/FungiDB-68_Pramorum14567.gff	https://fungidb.org/common/downloads/Current_Release/Pramorum14567/fasta/data/FungiDB-68_Pramorum14567_AnnotatedProteins.fasta
242507	Pyricularia oryzae 70-15		poryza	GCA_000002495.2	https://ftp.ncbi.nlm.nih.gov/genomes/all/GCA/000/002/495/GCA_000002495.2_MG8	http://fungidb.org/common/downloads/Current_Release/Poryzae70-15		International Rice Blast Genome Consortium	FungiDB	community	cm	gff3_genes	http://fungidb.org/common/downloads/Current_Release/Poryzae70-15/FungiDB-68_Poryzae70-15.gff	https://fungidb.org/common/downloads/Current_Release/Poryzae70-15/fasta/data/FungiDB-68_Poryzae70-15_AnnotatedProteins.fasta
5270	Mycosarcoma maydis	Corn smut	mmaydi	GCA_000328475.2	https://ftp.ncbi.nlm.nih.gov/genomes/all/GCA/000/328/475/GCA_000328475.2_Umaydis521_2.0	https://fungidb.org/common/downloads/Current_Release/Umaydis521		Broad Institute	FungiDB	community	cm	gff3_genes	http://fungidb.org/common/downloads/Current_Release/Umaydis521/gff/data/FungiDB-68_Umaydis521.gff	http://fungidb.org/common/downloads/Current_Release/Umaydis521/fasta/data/FungiDB-68_Umaydis521_AnnotatedProteins.fasta
