taxon_id	scientific_name	_COMMON_NAME_	_ABBREV_	_GENOME_ACCESSION_	_GENOME_FTP_URL_	_REFSEQ_ANN_REPORT_URL_	_REFSEQ_ANN_NAME_	_ASSEMBLY_PROVIDER_NAME_	_ANNOTATION_PROVIDER_NAME_	_ANNOTATION_SOURCE_	_ANNOTATION_SOURCE_SFX_	_LOAD_GFF3_ANALYSIS_NAME_	_ANNOTATION_GFF3_
1223558	Globisporangium iwayamae DAOM BR242034		giwaya	GCA_000387465.2	https://ftp.ncbi.nlm.nih.gov/genomes/all/GCA/000/387/465/GCA_000387465.2_piw_scaffolds_v1	https://www.ncbi.nlm.nih.gov/datasets/genome/GCA_000387465.2		Michigan State University	COMMUNITY_PROVIDER_PLACEHOLDER	Community	cm	gff3_genes	COMMUNITY_GFF3_PLACEHOLDER
747676	Melampsora larici-populina 98AG31		mlaric	GCA_000204055.1	https://ftp.ncbi.nlm.nih.gov/genomes/all/GCA/000/204/055/GCA_000204055.1_v1.0	https://www.ncbi.nlm.nih.gov/datasets/genome/GCA_000204055.1		US DOE Joint Genome Institute (JGI-PGF)	US DOE Joint Genome Institute (JGI-PGF)	GenBank	gb	gff3_genes	
321614	Parastagonospora nodorum SN15		pnodor	GCA_016801405.1	https://ftp.ncbi.nlm.nih.gov/genomes/all/GCA/016/801/405/GCA_016801405.1_ASM1680140v1	https://www.ncbi.nlm.nih.gov/datasets/genome/GCA_016801405.1		Curtin University of Technology	Curtin University of Technology	GenBank	gb	gff3_genes	
4784	Phytophthora capsici		pcapsi	GCA_016618375.1	https://ftp.ncbi.nlm.nih.gov/genomes/all/GCA/016/618/375/GCA_016618375.1_Pcap_4.1	https://www.ncbi.nlm.nih.gov/datasets/genome/GCA_016618375.1		Cornell University	Cornell University	GenBank	gb	gff3_genes	
