taxon_id	scientific_name	_COMMON_NAME_	_ABBREV_	_GENOME_ACCESSION_	_GENOME_FTP_URL_	_REFSEQ_ANN_REPORT_URL_	_REFSEQ_ANN_NAME_	_ASSEMBLY_PROVIDER_NAME_	_ANNOTATION_PROVIDER_NAME_	_ANNOTATION_SOURCE_	_ANNOTATION_SOURCE_SFX_	_LOAD_GFF3_ANALYSIS_NAME_	_ANNOTATION_GFF3_	_ANNOTATION_PEP_
4779	Bremia lactucae	Lettuce downy mildew	blactu	GCA_004359215.2	https://ftp.ncbi.nlm.nih.gov/genomes/all/GCA/004/359/215/GCA_004359215.2_BlacSF5v2	https://fungidb.org/common/downloads/Current_Release/BlactucaeSF5		UC Davis Genome Center	FungiDB	community	cm	gff3_genes	http://fungidb.org/common/downloads/Current_Release/BlactucaeSF5/gff/data/FungiDB-68_BlactucaeSF5.gff	http://fungidb.org/common/downloads/Current_Release/BlactucaeSF5/fasta/data/FungiDB-68_BlactucaeSF5_AnnotatedProteins.fasta
100902	Fusarium oxysporum f. sp. conglutinans		foxysp	GCA_014154955.1	https://ftp.ncbi.nlm.nih.gov/genomes/all/GCA/014/154/955/GCA_014154955.1_SMRT_HiC_Fo5176	https://fungidb.org/common/downloads/Current_Release/FoxysporumFo5176		University of Amsterdam	FungiDB	community	cm	gff3_genes	http://fungidb.org/common/downloads/Current_Release/FoxysporumFo5176/gff/data/FungiDB-68_FoxysporumFo5176.gff	http://fungidb.org/common/downloads/Current_Release/FoxysporumFo5176/fasta/data/FungiDB-68_FoxysporumFo5176_AnnotatedProteins.fasta
169388	Fusarium solani		fsolan	GCA_020744495.1	https://ftp.ncbi.nlm.nih.gov/genomes/all/GCA/020/744/495/GCA_020744495.1_Fusso1	https://fungidb.org/common/downloads/Current_Release/FsolaniFSSC5MPISDFRAT0091		DOE Joint Genome Institute	FungiDB	community	cm	gff3_genes	http://fungidb.org/common/downloads/Current_Release/FsolaniFSSC5MPISDFRAT0091/gff/data/FungiDB-68_FsolaniFSSC5MPISDFRAT0091.gff	http://fungidb.org/common/downloads/Current_Release/FsolaniFSSC5MPISDFRAT0091/fasta/data/FungiDB-68_FsolaniFSSC5MPISDFRAT0091_AnnotatedProteins.fasta
747676	Melampsora larici-populina 98AG31		mlaric	GCA_000204055.1	https://ftp.ncbi.nlm.nih.gov/genomes/all/GCA/000/204/055/GCA_000204055.1_v1.0	https://fungidb.org/common/downloads/Current_Release/Mlarici-populina98AG31		US DOE Joint Genome Institute (JGI-PGF)	FungiDB	community	cm	gff3_genes	http://fungidb.org/common/downloads/Current_Release/Mlarici-populina98AG31/gff/data/FungiDB-68_Mlarici-populina98AG31.gff	http://fungidb.org/common/downloads/Current_Release/Mlarici-populina98AG31/fasta/data/FungiDB-68_Mlarici-populina98AG31_AnnotatedProteins.fasta
321614	Parastagonospora nodorum SN15		pnodor	GCA_016801405.1	https://ftp.ncbi.nlm.nih.gov/genomes/all/GCA/016/801/405/GCA_016801405.1_ASM1680140v1	https://fungidb.org/common/downloads/Current_Release/PnodorumSN15		Curtin University of Technology	FungiDB	community	cm	gff3_genes	http://fungidb.org/common/downloads/Current_Release/PnodorumSN15/gff/data/FungiDB-68_PnodorumSN15.gff	http://fungidb.org/common/downloads/Current_Release/PnodorumSN15/fasta/data/FungiDB-68_PnodorumSN15_AnnotatedProteins.fasta
4784	Phytophthora capsici		pcapsi	GCA_016618375.1	https://ftp.ncbi.nlm.nih.gov/genomes/all/GCA/016/618/375/GCA_016618375.1_Pcap_4.1	https://fungidb.org/common/downloads/Current_Release/PcapsiciLT1534		Cornell University	FungiDB	community	cm	gff3_genes	http://fungidb.org/common/downloads/Current_Release/PcapsiciLT1534/gff/data/FungiDB-68_PcapsiciLT1534.gff	http://fungidb.org/common/downloads/Current_Release/PcapsiciLT1534/fasta/data/FungiDB-68_PcapsiciLT1534_AnnotatedProteins.fasta
